// Vitest Snapshot v1

exports[`Home page add a usal snapshot > should render as usual 1`] = `
<div>
  <div
    class="min-h-screen max-w-full overflow-x-hidden"
  >
    <div
      class="container mx-auto my-24"
    >
      <h1
        class="text-center text-6xl"
      >
        Nextflim
      </h1>
      <main
        role="main"
      >
        <div
          class="border-b-8 w-full text-center p-12"
          id="search-bar"
        >
          <input
            class="text-center rounded w-full md:max-w-md p-3"
            placeholder="Rechercher un film"
            type="text"
            value=""
          />
        </div>
        <div
          class="flex flex-row w-full mt-12"
          id="movie-collection"
        >
          <p
            class="m-auto"
          >
            Effectuez une recherche d'au moins 3 caract√®res
          </p>
        </div>
      </main>
    </div>
  </div>
</div>
`;
